Component: ARM Compiler 5.06 update 7 (build 960) Tool: armlink [4d3601]

==============================================================================

Section Cross References

    startup_lpc17xx.o(STACK) refers (Special) to heapauxi.o(.text) for __use_two_region_memory
    startup_lpc17xx.o(HEAP) refers (Special) to heapauxi.o(.text) for __use_two_region_memory
    startup_lpc17xx.o(RESET) refers (Special) to heapauxi.o(.text) for __use_two_region_memory
    startup_lpc17xx.o(RESET) refers to startup_lpc17xx.o(STACK) for __initial_sp
    startup_lpc17xx.o(RESET) refers to startup_lpc17xx.o(.text) for Reset_Handler
    startup_lpc17xx.o(RESET) refers to irq_timer.o(.text) for TIMER0_IRQHandler
    startup_lpc17xx.o(RESET) refers to irq_button.o(.text) for EINT0_IRQHandler
    startup_lpc17xx.o(RESET) refers to irq_can.o(.text) for CAN_IRQHandler
    startup_lpc17xx.o(RESET) refers to irq_rit.o(.text) for RIT_IRQHandler
    startup_lpc17xx.o(.ARM.__at_0x02FC) refers (Special) to heapauxi.o(.text) for __use_two_region_memory
    startup_lpc17xx.o(.text) refers (Special) to heapauxi.o(.text) for __use_two_region_memory
    startup_lpc17xx.o(.text) refers to __main.o(!!!main) for __main
    startup_lpc17xx.o(.text) refers to startup_lpc17xx.o(HEAP) for Heap_Mem
    startup_lpc17xx.o(.text) refers to startup_lpc17xx.o(STACK) for Stack_Mem
    sample.o(.text) refers to system_lpc17xx.o(.text) for SystemInit
    sample.o(.text) refers to lib_button.o(.text) for BUTTON_init
    sample.o(.text) refers to lib_joystick.o(.text) for joystick_init
    sample.o(.text) refers to lib_can.o(.text) for CAN_Init
    sample.o(.text) refers to glcd.o(.text) for LCD_Initialization
    sample.o(.text) refers to lib_rit.o(.text) for init_RIT
    sample.o(.text) refers to lib_timer.o(.text) for init_timer
    sample.o(.text) refers to templates.o(.text) for templateIniziale
    sample.o(.text) refers to sample.o(.data) for freq_ko
    system_lpc17xx.o(.text) refers to system_lpc17xx.o(.data) for SystemFrequency
    irq_timer.o(.text) refers to glcd.o(.text) for GUI_Text
    irq_timer.o(.text) refers to lib_timer.o(.text) for disable_timer
    irq_timer.o(.text) refers to rt_memcpy_w.o(.text) for __aeabi_memcpy4
    irq_timer.o(.text) refers to scacchiera.o(.text) for compilaCodificaMossa
    irq_timer.o(.text) refers to gestcollboards.o(.text) for inviaMossa
    irq_timer.o(.text) refers to lib_rit.o(.text) for disable_RIT
    irq_timer.o(.text) refers to sample.o(.data) for tempo_rimanente
    irq_timer.o(.text) refers to irq_timer.o(.data) for fineTurno
    irq_timer.o(.text) refers to gestcollboards.o(.data) for mod
    irq_timer.o(.text) refers to scacchiera.o(.data) for pedina
    irq_timer.o(.text) refers to sample.o(.bss) for posizionePedine
    irq_timer.o(.text) refers to irq_rit.o(.data) for you
    asciilib.o(.text) refers to rt_memcpy_v6.o(.text) for __aeabi_memcpy
    asciilib.o(.text) refers to asciilib.o(.constdata) for AsciiLib
    glcd.o(.text) refers to glcd.o(.data) for LCD_Code
    glcd.o(.text) refers to asciilib.o(.text) for GetASCIICode
    hzlib.o(.text) refers to rt_memcpy_v6.o(.text) for __aeabi_memcpy
    hzlib.o(.text) refers to hzlib.o(.constdata) for HzLib
    scacchiera.o(.text) refers to glcd.o(.text) for LCD_Clear
    scacchiera.o(.text) refers to rt_memcpy_w.o(.text) for __aeabi_memcpy4
    scacchiera.o(.text) refers to sample.o(.data) for schermata
    scacchiera.o(.text) refers to scacchiera.o(.data) for pedina
    scacchiera.o(.text) refers to sample.o(.bss) for posizionePedine
    scacchiera.o(.text) refers to gestcollboards.o(.data) for mod
    scacchiera.o(.text) refers to scacchiera.o(.bss) for scacchiera
    scacchiera.o(.text) refers to lib_timer.o(.text) for disable_timer
    scacchiera.o(.text) refers to gestcollboards.o(.text) for generaMossaNPC
    scacchiera.o(.text) refers to lib_rit.o(.text) for disable_RIT
    scacchiera.o(.text) refers to irq_rit.o(.data) for npc
    scacchiera.o(.text) refers to gestcollboards.o(.bss) for mossePercorsoOttimo
    irq_button.o(.text) refers to irq_rit.o(.data) for EINT0_down
    irq_rit.o(.text) refers to scacchiera.o(.text) for confermaMossa
    irq_rit.o(.text) refers to gestcollboards.o(.text) for inviaMossa
    irq_rit.o(.text) refers to lib_timer.o(.text) for disable_timer
    irq_rit.o(.text) refers to lib_rit.o(.text) for disable_RIT
    irq_rit.o(.text) refers to glcd.o(.text) for GUI_Text
    irq_rit.o(.text) refers to templates.o(.text) for templateSingleBoard
    irq_rit.o(.text) refers to sample.o(.data) for partitaIniziata
    irq_rit.o(.text) refers to gestcollboards.o(.data) for mod
    irq_rit.o(.text) refers to irq_rit.o(.data) for J_select
    irq_rit.o(.text) refers to sample.o(.bss) for posizionePedine
    templates.o(.text) refers to glcd.o(.text) for LCD_Clear
    templates.o(.text) refers to rt_memcpy_w.o(.text) for __aeabi_memcpy4
    templates.o(.text) refers to sample.o(.data) for schermata
    templates.o(.text) refers to gestcollboards.o(.data) for mioId
    irq_can.o(.text) refers to rt_memcpy_w.o(.text) for __aeabi_memcpy4
    irq_can.o(.text) refers to lib_can.o(.text) for CAN_rdMsg
    irq_can.o(.text) refers to scacchiera.o(.text) for turno
    irq_can.o(.text) refers to gestcollboards.o(.text) for inserisciMossaNellaScacchiera
    irq_can.o(.text) refers to lib_rit.o(.text) for disable_RIT
    irq_can.o(.text) refers to lib_timer.o(.text) for disable_timer
    irq_can.o(.text) refers to glcd.o(.text) for LCD_DrawLine
    irq_can.o(.text) refers to lib_can.o(.data) for icr
    irq_can.o(.text) refers to lib_can.o(.bss) for CAN_RxMsg
    irq_can.o(.text) refers to gestcollboards.o(.data) for mioId
    irq_can.o(.text) refers to sample.o(.data) for partitaFinita
    lib_can.o(.text) refers to lib_can.o(.data) for result
    lib_can.o(.text) refers to lib_can.o(.constdata) for CAN_BIT_TIME
    gestcollboards.o(.text) refers to lib_can.o(.text) for CAN_wrMsg
    gestcollboards.o(.text) refers to scacchiera.o(.text) for disegnaScacchiera
    gestcollboards.o(.text) refers to lib_can.o(.bss) for CAN_TxMsg
    gestcollboards.o(.text) refers to sample.o(.data) for giocatore
    gestcollboards.o(.text) refers to sample.o(.bss) for posizionePedine
    gestcollboards.o(.text) refers to gestcollboards.o(.data) for nuovePosizioni
    gestcollboards.o(.text) refers to gestcollboards.o(.bss) for mossePercorsoOttimo
    gestcollboards.o(.text) refers to scacchiera.o(.bss) for scacchiera
    gestcollboards.o(.text) refers to glcd.o(.text) for PutChar
    rt_memcpy_v6.o(.text) refers to rt_memcpy_w.o(.text) for __aeabi_memcpy4
    __main.o(!!!main) refers to __rtentry.o(.ARM.Collect$$rtentry$$00000000) for __rt_entry
    __rtentry.o(.ARM.Collect$$rtentry$$00000000) refers (Special) to __rtentry2.o(.ARM.Collect$$rtentry$$0000000A) for __rt_entry_li
    __rtentry.o(.ARM.Collect$$rtentry$$00000000) refers (Special) to __rtentry2.o(.ARM.Collect$$rtentry$$0000000D) for __rt_entry_main
    __rtentry.o(.ARM.Collect$$rtentry$$00000000) refers (Special) to __rtentry2.o(.ARM.Collect$$rtentry$$0000000C) for __rt_entry_postli_1
    __rtentry.o(.ARM.Collect$$rtentry$$00000000) refers (Special) to __rtentry2.o(.ARM.Collect$$rtentry$$00000009) for __rt_entry_postsh_1
    __rtentry.o(.ARM.Collect$$rtentry$$00000000) refers (Special) to __rtentry2.o(.ARM.Collect$$rtentry$$00000002) for __rt_entry_presh_1
    __rtentry.o(.ARM.Collect$$rtentry$$00000000) refers (Special) to __rtentry4.o(.ARM.Collect$$rtentry$$00000004) for __rt_entry_sh
    __rtentry2.o(.ARM.Collect$$rtentry$$00000008) refers to boardinit2.o(.text) for _platform_post_stackheap_init
    __rtentry2.o(.ARM.Collect$$rtentry$$0000000A) refers to libinit.o(.ARM.Collect$$libinit$$00000000) for __rt_lib_init
    __rtentry2.o(.ARM.Collect$$rtentry$$0000000B) refers to boardinit3.o(.text) for _platform_post_lib_init
    __rtentry2.o(.ARM.Collect$$rtentry$$0000000D) refers to sample.o(.text) for main
    __rtentry2.o(.ARM.Collect$$rtentry$$0000000D) refers to exit.o(.text) for exit
    __rtentry2.o(.ARM.exidx) refers to __rtentry2.o(.ARM.Collect$$rtentry$$00000001) for .ARM.Collect$$rtentry$$00000001
    __rtentry2.o(.ARM.exidx) refers to __rtentry2.o(.ARM.Collect$$rtentry$$00000008) for .ARM.Collect$$rtentry$$00000008
    __rtentry2.o(.ARM.exidx) refers to __rtentry2.o(.ARM.Collect$$rtentry$$0000000A) for .ARM.Collect$$rtentry$$0000000A
    __rtentry2.o(.ARM.exidx) refers to __rtentry2.o(.ARM.Collect$$rtentry$$0000000B) for .ARM.Collect$$rtentry$$0000000B
    __rtentry2.o(.ARM.exidx) refers to __rtentry2.o(.ARM.Collect$$rtentry$$0000000D) for .ARM.Collect$$rtentry$$0000000D
    __rtentry4.o(.ARM.Collect$$rtentry$$00000004) refers to sys_stackheap_outer.o(.text) for __user_setup_stackheap
    __rtentry4.o(.ARM.exidx) refers to __rtentry4.o(.ARM.Collect$$rtentry$$00000004) for .ARM.Collect$$rtentry$$00000004
    sys_stackheap_outer.o(.text) refers to libspace.o(.text) for __user_perproc_libspace
    sys_stackheap_outer.o(.text) refers to startup_lpc17xx.o(.text) for __user_initial_stackheap
    exit.o(.text) refers to rtexit.o(.ARM.Collect$$rtexit$$00000000) for __rt_exit
    libinit.o(.ARM.Collect$$libinit$$00000000) refers (Special) to libinit2.o(.ARM.Collect$$libinit$$0000002E) for __rt_lib_init_alloca_1
    libinit.o(.ARM.Collect$$libinit$$00000000) refers (Special) to libinit2.o(.ARM.Collect$$libinit$$0000002C) for __rt_lib_init_argv_1
    libinit.o(.ARM.Collect$$libinit$$00000000) refers (Special) to libinit2.o(.ARM.Collect$$libinit$$0000001B) for __rt_lib_init_atexit_1
    libinit.o(.ARM.Collect$$libinit$$00000000) refers (Special) to libinit2.o(.ARM.Collect$$libinit$$00000021) for __rt_lib_init_clock_1
    libinit.o(.ARM.Collect$$libinit$$00000000) refers (Special) to libinit2.o(.ARM.Collect$$libinit$$00000032) for __rt_lib_init_cpp_1
    libinit.o(.ARM.Collect$$libinit$$00000000) refers (Special) to libinit2.o(.ARM.Collect$$libinit$$00000030) for __rt_lib_init_exceptions_1
    libinit.o(.ARM.Collect$$libinit$$00000000) refers (Special) to libinit2.o(.ARM.Collect$$libinit$$00000002) for __rt_lib_init_fp_1
    libinit.o(.ARM.Collect$$libinit$$00000000) refers (Special) to libinit2.o(.ARM.Collect$$libinit$$0000001F) for __rt_lib_init_fp_trap_1
    libinit.o(.ARM.Collect$$libinit$$00000000) refers (Special) to libinit2.o(.ARM.Collect$$libinit$$00000023) for __rt_lib_init_getenv_1
    libinit.o(.ARM.Collect$$libinit$$00000000) refers (Special) to libinit2.o(.ARM.Collect$$libinit$$0000000A) for __rt_lib_init_heap_1
    libinit.o(.ARM.Collect$$libinit$$00000000) refers (Special) to libinit2.o(.ARM.Collect$$libinit$$00000011) for __rt_lib_init_lc_collate_1
    libinit.o(.ARM.Collect$$libinit$$00000000) refers (Special) to libinit2.o(.ARM.Collect$$libinit$$00000013) for __rt_lib_init_lc_ctype_1
    libinit.o(.ARM.Collect$$libinit$$00000000) refers (Special) to libinit2.o(.ARM.Collect$$libinit$$00000015) for __rt_lib_init_lc_monetary_1
    libinit.o(.ARM.Collect$$libinit$$00000000) refers (Special) to libinit2.o(.ARM.Collect$$libinit$$00000017) for __rt_lib_init_lc_numeric_1
    libinit.o(.ARM.Collect$$libinit$$00000000) refers (Special) to libinit2.o(.ARM.Collect$$libinit$$00000019) for __rt_lib_init_lc_time_1
    libinit.o(.ARM.Collect$$libinit$$00000000) refers (Special) to libinit2.o(.ARM.Collect$$libinit$$00000004) for __rt_lib_init_preinit_1
    libinit.o(.ARM.Collect$$libinit$$00000000) refers (Special) to libinit2.o(.ARM.Collect$$libinit$$0000000E) for __rt_lib_init_rand_1
    libinit.o(.ARM.Collect$$libinit$$00000000) refers (Special) to libinit2.o(.ARM.Collect$$libinit$$00000033) for __rt_lib_init_return
    libinit.o(.ARM.Collect$$libinit$$00000000) refers (Special) to libinit2.o(.ARM.Collect$$libinit$$0000001D) for __rt_lib_init_signal_1
    libinit.o(.ARM.Collect$$libinit$$00000000) refers (Special) to libinit2.o(.ARM.Collect$$libinit$$00000025) for __rt_lib_init_stdio_1
    libinit.o(.ARM.Collect$$libinit$$00000000) refers (Special) to libinit2.o(.ARM.Collect$$libinit$$0000000C) for __rt_lib_init_user_alloc_1
    libspace.o(.text) refers to libspace.o(.bss) for __libspace_start
    rtexit.o(.ARM.Collect$$rtexit$$00000000) refers (Special) to rtexit2.o(.ARM.Collect$$rtexit$$00000004) for __rt_exit_exit
    rtexit.o(.ARM.Collect$$rtexit$$00000000) refers (Special) to rtexit2.o(.ARM.Collect$$rtexit$$00000003) for __rt_exit_ls
    rtexit.o(.ARM.Collect$$rtexit$$00000000) refers (Special) to rtexit2.o(.ARM.Collect$$rtexit$$00000002) for __rt_exit_prels_1
    rtexit.o(.ARM.exidx) refers (Special) to rtexit2.o(.ARM.Collect$$rtexit$$00000004) for __rt_exit_exit
    rtexit.o(.ARM.exidx) refers (Special) to rtexit2.o(.ARM.Collect$$rtexit$$00000003) for __rt_exit_ls
    rtexit.o(.ARM.exidx) refers (Special) to rtexit2.o(.ARM.Collect$$rtexit$$00000002) for __rt_exit_prels_1
    rtexit.o(.ARM.exidx) refers to rtexit.o(.ARM.Collect$$rtexit$$00000000) for .ARM.Collect$$rtexit$$00000000
    libinit2.o(.ARM.Collect$$libinit$$00000010) refers to libinit2.o(.ARM.Collect$$libinit$$0000000F) for .ARM.Collect$$libinit$$0000000F
    libinit2.o(.ARM.Collect$$libinit$$00000012) refers to libinit2.o(.ARM.Collect$$libinit$$0000000F) for .ARM.Collect$$libinit$$0000000F
    libinit2.o(.ARM.Collect$$libinit$$00000014) refers to libinit2.o(.ARM.Collect$$libinit$$0000000F) for .ARM.Collect$$libinit$$0000000F
    libinit2.o(.ARM.Collect$$libinit$$00000016) refers to libinit2.o(.ARM.Collect$$libinit$$0000000F) for .ARM.Collect$$libinit$$0000000F
    libinit2.o(.ARM.Collect$$libinit$$00000018) refers to libinit2.o(.ARM.Collect$$libinit$$0000000F) for .ARM.Collect$$libinit$$0000000F
    libinit2.o(.ARM.Collect$$libinit$$00000026) refers to argv_veneer.o(.emb_text) for __ARM_argv_veneer
    libinit2.o(.ARM.Collect$$libinit$$00000027) refers to argv_veneer.o(.emb_text) for __ARM_argv_veneer
    rtexit2.o(.ARM.Collect$$rtexit$$00000003) refers to libshutdown.o(.ARM.Collect$$libshutdown$$00000000) for __rt_lib_shutdown
    rtexit2.o(.ARM.Collect$$rtexit$$00000004) refers to sys_exit.o(.text) for _sys_exit
    rtexit2.o(.ARM.exidx) refers to rtexit2.o(.ARM.Collect$$rtexit$$00000001) for .ARM.Collect$$rtexit$$00000001
    rtexit2.o(.ARM.exidx) refers to rtexit2.o(.ARM.Collect$$rtexit$$00000003) for .ARM.Collect$$rtexit$$00000003
    rtexit2.o(.ARM.exidx) refers to rtexit2.o(.ARM.Collect$$rtexit$$00000004) for .ARM.Collect$$rtexit$$00000004
    argv_veneer.o(.emb_text) refers to no_argv.o(.text) for __ARM_get_argv
    sys_exit.o(.text) refers (Special) to use_no_semi.o(.text) for __I$use$semihosting
    sys_exit.o(.text) refers (Special) to indicate_semi.o(.text) for __semihosting_library_function
    _get_argv_nomalloc.o(.text) refers (Special) to hrguard.o(.text) for __heap_region$guard
    _get_argv_nomalloc.o(.text) refers to defsig_rtmem_outer.o(.text) for __rt_SIGRTMEM
    _get_argv_nomalloc.o(.text) refers to sys_command.o(.text) for _sys_command_string
    libshutdown.o(.ARM.Collect$$libshutdown$$00000000) refers (Special) to libshutdown2.o(.ARM.Collect$$libshutdown$$00000004) for __rt_lib_shutdown_cpp_1
    libshutdown.o(.ARM.Collect$$libshutdown$$00000000) refers (Special) to libshutdown2.o(.ARM.Collect$$libshutdown$$00000002) for __rt_lib_shutdown_fini_1
    libshutdown.o(.ARM.Collect$$libshutdown$$00000000) refers (Special) to libshutdown2.o(.ARM.Collect$$libshutdown$$00000009) for __rt_lib_shutdown_fp_trap_1
    libshutdown.o(.ARM.Collect$$libshutdown$$00000000) refers (Special) to libshutdown2.o(.ARM.Collect$$libshutdown$$00000011) for __rt_lib_shutdown_heap_1
    libshutdown.o(.ARM.Collect$$libshutdown$$00000000) refers (Special) to libshutdown2.o(.ARM.Collect$$libshutdown$$00000012) for __rt_lib_shutdown_return
    libshutdown.o(.ARM.Collect$$libshutdown$$00000000) refers (Special) to libshutdown2.o(.ARM.Collect$$libshutdown$$0000000C) for __rt_lib_shutdown_signal_1
    libshutdown.o(.ARM.Collect$$libshutdown$$00000000) refers (Special) to libshutdown2.o(.ARM.Collect$$libshutdown$$00000006) for __rt_lib_shutdown_stdio_1
    libshutdown.o(.ARM.Collect$$libshutdown$$00000000) refers (Special) to libshutdown2.o(.ARM.Collect$$libshutdown$$0000000E) for __rt_lib_shutdown_user_alloc_1
    sys_command.o(.text) refers (Special) to use_no_semi.o(.text) for __I$use$semihosting
    sys_command.o(.text) refers (Special) to indicate_semi.o(.text) for __semihosting_library_function
    defsig_rtmem_outer.o(.text) refers to defsig_rtmem_inner.o(.text) for __rt_SIGRTMEM_inner
    defsig_rtmem_outer.o(.text) refers to defsig_exit.o(.text) for __sig_exit
    defsig_rtmem_formal.o(.text) refers to rt_raise.o(.text) for __rt_raise
    rt_raise.o(.text) refers to __raise.o(.text) for __raise
    rt_raise.o(.text) refers to sys_exit.o(.text) for _sys_exit
    defsig_exit.o(.text) refers to sys_exit.o(.text) for _sys_exit
    defsig_rtmem_inner.o(.text) refers to defsig_general.o(.text) for __default_signal_display
    __raise.o(.text) refers to defsig.o(CL$$defsig) for __default_signal_handler
    defsig_general.o(.text) refers to sys_wrch.o(.text) for _ttywrch
    sys_wrch.o(.text) refers (Special) to use_no_semi.o(.text) for __I$use$semihosting
    sys_wrch.o(.text) refers (Special) to indicate_semi.o(.text) for __semihosting_library_function
    defsig.o(CL$$defsig) refers to defsig_rtmem_inner.o(.text) for __rt_SIGRTMEM_inner
    defsig_abrt_inner.o(.text) refers to defsig_general.o(.text) for __default_signal_display
    defsig_fpe_inner.o(.text) refers to defsig_general.o(.text) for __default_signal_display
    defsig_rtred_inner.o(.text) refers to defsig_general.o(.text) for __default_signal_display
    defsig_stak_inner.o(.text) refers to defsig_general.o(.text) for __default_signal_display
    defsig_pvfn_inner.o(.text) refers to defsig_general.o(.text) for __default_signal_display
    defsig_cppl_inner.o(.text) refers to defsig_general.o(.text) for __default_signal_display
    defsig_segv_inner.o(.text) refers to defsig_general.o(.text) for __default_signal_display
    defsig_other.o(.text) refers to defsig_general.o(.text) for __default_signal_display


==============================================================================

Removing Unused input sections from the image.

    Removing sample.o(.rev16_text), (4 bytes).
    Removing sample.o(.revsh_text), (4 bytes).
    Removing sample.o(.rrx_text), (6 bytes).
    Removing core_cm3.o(.emb_text), (32 bytes).
    Removing system_lpc17xx.o(.rev16_text), (4 bytes).
    Removing system_lpc17xx.o(.revsh_text), (4 bytes).
    Removing system_lpc17xx.o(.rrx_text), (6 bytes).
    Removing irq_timer.o(.rev16_text), (4 bytes).
    Removing irq_timer.o(.revsh_text), (4 bytes).
    Removing irq_timer.o(.rrx_text), (6 bytes).
    Removing lib_timer.o(.rev16_text), (4 bytes).
    Removing lib_timer.o(.revsh_text), (4 bytes).
    Removing lib_timer.o(.rrx_text), (6 bytes).
    Removing glcd.o(.rev16_text), (4 bytes).
    Removing glcd.o(.revsh_text), (4 bytes).
    Removing glcd.o(.rrx_text), (6 bytes).
    Removing hzlib.o(.text), (52 bytes).
    Removing hzlib.o(.constdata), (216576 bytes).
    Removing funct_joystick.o(.rev16_text), (4 bytes).
    Removing funct_joystick.o(.revsh_text), (4 bytes).
    Removing funct_joystick.o(.rrx_text), (6 bytes).
    Removing funct_joystick.o(.text), (2 bytes).
    Removing lib_joystick.o(.rev16_text), (4 bytes).
    Removing lib_joystick.o(.revsh_text), (4 bytes).
    Removing lib_joystick.o(.rrx_text), (6 bytes).
    Removing scacchiera.o(.rev16_text), (4 bytes).
    Removing scacchiera.o(.revsh_text), (4 bytes).
    Removing scacchiera.o(.rrx_text), (6 bytes).
    Removing irq_button.o(.rev16_text), (4 bytes).
    Removing irq_button.o(.revsh_text), (4 bytes).
    Removing irq_button.o(.rrx_text), (6 bytes).
    Removing lib_button.o(.rev16_text), (4 bytes).
    Removing lib_button.o(.revsh_text), (4 bytes).
    Removing lib_button.o(.rrx_text), (6 bytes).
    Removing lib_rit.o(.rev16_text), (4 bytes).
    Removing lib_rit.o(.revsh_text), (4 bytes).
    Removing lib_rit.o(.rrx_text), (6 bytes).
    Removing irq_rit.o(.rev16_text), (4 bytes).
    Removing irq_rit.o(.revsh_text), (4 bytes).
    Removing irq_rit.o(.rrx_text), (6 bytes).
    Removing templates.o(.rev16_text), (4 bytes).
    Removing templates.o(.revsh_text), (4 bytes).
    Removing templates.o(.rrx_text), (6 bytes).
    Removing irq_can.o(.rev16_text), (4 bytes).
    Removing irq_can.o(.revsh_text), (4 bytes).
    Removing irq_can.o(.rrx_text), (6 bytes).
    Removing irq_can.o(.data), (4 bytes).
    Removing lib_can.o(.rev16_text), (4 bytes).
    Removing lib_can.o(.revsh_text), (4 bytes).
    Removing lib_can.o(.rrx_text), (6 bytes).
    Removing gestcollboards.o(.rev16_text), (4 bytes).
    Removing gestcollboards.o(.revsh_text), (4 bytes).
    Removing gestcollboards.o(.rrx_text), (6 bytes).

53 unused section(s) (total 216890 bytes) removed from the image.

==============================================================================

Image Symbol Table

    Local Symbols

    Symbol Name                              Value     Ov Type        Size  Object(Section)

    RESET                                    0x00000000   Section      204  startup_lpc17xx.o(RESET)
    ../clib/angel/boardlib.s                 0x00000000   Number         0  boardinit3.o ABSOLUTE
    ../clib/angel/boardlib.s                 0x00000000   Number         0  boardshut.o ABSOLUTE
    ../clib/angel/boardlib.s                 0x00000000   Number         0  boardinit2.o ABSOLUTE
    ../clib/angel/boardlib.s                 0x00000000   Number         0  boardinit1.o ABSOLUTE
    ../clib/angel/dczerorl2.s                0x00000000   Number         0  __dczerorl2.o ABSOLUTE
    ../clib/angel/handlers.s                 0x00000000   Number         0  __scatter_zi.o ABSOLUTE
    ../clib/angel/kernel.s                   0x00000000   Number         0  __rtentry2.o ABSOLUTE
    ../clib/angel/kernel.s                   0x00000000   Number         0  __rtentry4.o ABSOLUTE
    ../clib/angel/kernel.s                   0x00000000   Number         0  rtexit2.o ABSOLUTE
    ../clib/angel/kernel.s                   0x00000000   Number         0  __rtentry.o ABSOLUTE
    ../clib/angel/kernel.s                   0x00000000   Number         0  rtexit.o ABSOLUTE
    ../clib/angel/rt.s                       0x00000000   Number         0  rt_raise.o ABSOLUTE
    ../clib/angel/scatter.s                  0x00000000   Number         0  __scatter.o ABSOLUTE
    ../clib/angel/startup.s                  0x00000000   Number         0  __main.o ABSOLUTE
    ../clib/angel/sys.s                      0x00000000   Number         0  libspace.o ABSOLUTE
    ../clib/angel/sys.s                      0x00000000   Number         0  sys_stackheap_outer.o ABSOLUTE
    ../clib/angel/sys.s                      0x00000000   Number         0  indicate_semi.o ABSOLUTE
    ../clib/angel/sys.s                      0x00000000   Number         0  use_no_semi.o ABSOLUTE
    ../clib/angel/sysapp.c                   0x00000000   Number         0  sys_exit.o ABSOLUTE
    ../clib/angel/sysapp.c                   0x00000000   Number         0  sys_wrch.o ABSOLUTE
    ../clib/angel/sysapp.c                   0x00000000   Number         0  sys_command.o ABSOLUTE
    ../clib/armsys.c                         0x00000000   Number         0  argv_veneer.o ABSOLUTE
    ../clib/armsys.c                         0x00000000   Number         0  argv_veneer.o ABSOLUTE
    ../clib/armsys.c                         0x00000000   Number         0  no_argv.o ABSOLUTE
    ../clib/armsys.c                         0x00000000   Number         0  _get_argv_nomalloc.o ABSOLUTE
    ../clib/heapalloc.c                      0x00000000   Number         0  hrguard.o ABSOLUTE
    ../clib/heapaux.c                        0x00000000   Number         0  heapauxi.o ABSOLUTE
    ../clib/libinit.s                        0x00000000   Number         0  libinit2.o ABSOLUTE
    ../clib/libinit.s                        0x00000000   Number         0  libshutdown2.o ABSOLUTE
    ../clib/libinit.s                        0x00000000   Number         0  libinit.o ABSOLUTE
    ../clib/libinit.s                        0x00000000   Number         0  libshutdown.o ABSOLUTE
    ../clib/memcpset.s                       0x00000000   Number         0  rt_memcpy_w.o ABSOLUTE
    ../clib/memcpset.s                       0x00000000   Number         0  rt_memcpy_v6.o ABSOLUTE
    ../clib/signal.c                         0x00000000   Number         0  defsig_rtred_inner.o ABSOLUTE
    ../clib/signal.c                         0x00000000   Number         0  defsig_fpe_inner.o ABSOLUTE
    ../clib/signal.c                         0x00000000   Number         0  defsig_abrt_inner.o ABSOLUTE
    ../clib/signal.c                         0x00000000   Number         0  defsig_segv_inner.o ABSOLUTE
    ../clib/signal.c                         0x00000000   Number         0  defsig_general.o ABSOLUTE
    ../clib/signal.c                         0x00000000   Number         0  __raise.o ABSOLUTE
    ../clib/signal.c                         0x00000000   Number         0  defsig_other.o ABSOLUTE
    ../clib/signal.c                         0x00000000   Number         0  defsig_exit.o ABSOLUTE
    ../clib/signal.c                         0x00000000   Number         0  defsig_rtmem_formal.o ABSOLUTE
    ../clib/signal.c                         0x00000000   Number         0  defsig_rtmem_outer.o ABSOLUTE
    ../clib/signal.c                         0x00000000   Number         0  defsig_rtmem_inner.o ABSOLUTE
    ../clib/signal.c                         0x00000000   Number         0  defsig_stak_inner.o ABSOLUTE
    ../clib/signal.c                         0x00000000   Number         0  defsig_pvfn_inner.o ABSOLUTE
    ../clib/signal.c                         0x00000000   Number         0  defsig_cppl_inner.o ABSOLUTE
    ../clib/signal.s                         0x00000000   Number         0  defsig.o ABSOLUTE
    ../clib/stdlib.c                         0x00000000   Number         0  exit.o ABSOLUTE
    ../fplib/fpinit.s                        0x00000000   Number         0  fpinit.o ABSOLUTE
    CAN\IRQ_CAN.c                            0x00000000   Number         0  irq_can.o ABSOLUTE
    CAN\\IRQ_CAN.c                           0x00000000   Number         0  irq_can.o ABSOLUTE
    CAN\\lib_CAN.c                           0x00000000   Number         0  lib_can.o ABSOLUTE
    CAN\lib_CAN.c                            0x00000000   Number         0  lib_can.o ABSOLUTE
    GLCD\AsciiLib.c                          0x00000000   Number         0  asciilib.o ABSOLUTE
    GLCD\GLCD.c                              0x00000000   Number         0  glcd.o ABSOLUTE
    GLCD\HzLib.c                             0x00000000   Number         0  hzlib.o ABSOLUTE
    GLCD\\GLCD.c                             0x00000000   Number         0  glcd.o ABSOLUTE
    RIT\IRQ_RIT.c                            0x00000000   Number         0  irq_rit.o ABSOLUTE
    RIT\\IRQ_RIT.c                           0x00000000   Number         0  irq_rit.o ABSOLUTE
    RIT\\lib_RIT.c                           0x00000000   Number         0  lib_rit.o ABSOLUTE
    RIT\lib_RIT.c                            0x00000000   Number         0  lib_rit.o ABSOLUTE
    button_EXINT\IRQ_button.c                0x00000000   Number         0  irq_button.o ABSOLUTE
    button_EXINT\\IRQ_button.c               0x00000000   Number         0  irq_button.o ABSOLUTE
    button_EXINT\\lib_button.c               0x00000000   Number         0  lib_button.o ABSOLUTE
    button_EXINT\lib_button.c                0x00000000   Number         0  lib_button.o ABSOLUTE
    core_cm3.c                               0x00000000   Number         0  core_cm3.o ABSOLUTE
    core_cm3.c                               0x00000000   Number         0  core_cm3.o ABSOLUTE
    dc.s                                     0x00000000   Number         0  dc.o ABSOLUTE
    gestCollBoards\\gestCollBoards.c         0x00000000   Number         0  gestcollboards.o ABSOLUTE
    gestCollBoards\gestCollBoards.c          0x00000000   Number         0  gestcollboards.o ABSOLUTE
    joystick\\funct_joystick.c               0x00000000   Number         0  funct_joystick.o ABSOLUTE
    joystick\\lib_joystick.c                 0x00000000   Number         0  lib_joystick.o ABSOLUTE
    joystick\funct_joystick.c                0x00000000   Number         0  funct_joystick.o ABSOLUTE
    joystick\lib_joystick.c                  0x00000000   Number         0  lib_joystick.o ABSOLUTE
    sample.c                                 0x00000000   Number         0  sample.o ABSOLUTE
    sample.c                                 0x00000000   Number         0  sample.o ABSOLUTE
    scacchiera\\scacchiera.c                 0x00000000   Number         0  scacchiera.o ABSOLUTE
    scacchiera\scacchiera.c                  0x00000000   Number         0  scacchiera.o ABSOLUTE
    startup_LPC17xx.s                        0x00000000   Number         0  startup_lpc17xx.o ABSOLUTE
    system_LPC17xx.c                         0x00000000   Number         0  system_lpc17xx.o ABSOLUTE
    system_LPC17xx.c                         0x00000000   Number         0  system_lpc17xx.o ABSOLUTE
    templates\\templates.c                   0x00000000   Number         0  templates.o ABSOLUTE
    templates\templates.c                    0x00000000   Number         0  templates.o ABSOLUTE
    timer\IRQ_timer.c                        0x00000000   Number         0  irq_timer.o ABSOLUTE
    timer\\IRQ_timer.c                       0x00000000   Number         0  irq_timer.o ABSOLUTE
    timer\\lib_timer.c                       0x00000000   Number         0  lib_timer.o ABSOLUTE
    timer\lib_timer.c                        0x00000000   Number         0  lib_timer.o ABSOLUTE
    !!!main                                  0x000000cc   Section        8  __main.o(!!!main)
    !!!scatter                               0x000000d4   Section       52  __scatter.o(!!!scatter)
    !!dczerorl2                              0x00000108   Section       90  __dczerorl2.o(!!dczerorl2)
    !!handler_zi                             0x00000164   Section       28  __scatter_zi.o(!!handler_zi)
    .ARM.Collect$$libinit$$00000000          0x00000180   Section        2  libinit.o(.ARM.Collect$$libinit$$00000000)
    .ARM.Collect$$libinit$$00000002          0x00000182   Section        0  libinit2.o(.ARM.Collect$$libinit$$00000002)
    .ARM.Collect$$libinit$$00000004          0x00000182   Section        0  libinit2.o(.ARM.Collect$$libinit$$00000004)
    .ARM.Collect$$libinit$$0000000A          0x00000182   Section        0  libinit2.o(.ARM.Collect$$libinit$$0000000A)
    .ARM.Collect$$libinit$$0000000C          0x00000182   Section        0  libinit2.o(.ARM.Collect$$libinit$$0000000C)
    .ARM.Collect$$libinit$$0000000E          0x00000182   Section        0  libinit2.o(.ARM.Collect$$libinit$$0000000E)
    .ARM.Collect$$libinit$$00000011          0x00000182   Section        0  libinit2.o(.ARM.Collect$$libinit$$00000011)
    .ARM.Collect$$libinit$$00000013          0x00000182   Section        0  libinit2.o(.ARM.Collect$$libinit$$00000013)
    .ARM.Collect$$libinit$$00000015          0x00000182   Section        0  libinit2.o(.ARM.Collect$$libinit$$00000015)
    .ARM.Collect$$libinit$$00000017          0x00000182   Section        0  libinit2.o(.ARM.Collect$$libinit$$00000017)
    .ARM.Collect$$libinit$$00000019          0x00000182   Section        0  libinit2.o(.ARM.Collect$$libinit$$00000019)
    .ARM.Collect$$libinit$$0000001B          0x00000182   Section        0  libinit2.o(.ARM.Collect$$libinit$$0000001B)
    .ARM.Collect$$libinit$$0000001D          0x00000182   Section        0  libinit2.o(.ARM.Collect$$libinit$$0000001D)
    .ARM.Collect$$libinit$$0000001F          0x00000182   Section        0  libinit2.o(.ARM.Collect$$libinit$$0000001F)
    .ARM.Collect$$libinit$$00000021          0x00000182   Section        0  libinit2.o(.ARM.Collect$$libinit$$00000021)
    .ARM.Collect$$libinit$$00000023          0x00000182   Section        0  libinit2.o(.ARM.Collect$$libinit$$00000023)
    .ARM.Collect$$libinit$$00000025          0x00000182   Section        0  libinit2.o(.ARM.Collect$$libinit$$00000025)
    .ARM.Collect$$libinit$$0000002C          0x00000182   Section        0  libinit2.o(.ARM.Collect$$libinit$$0000002C)
    .ARM.Collect$$libinit$$0000002E          0x00000182   Section        0  libinit2.o(.ARM.Collect$$libinit$$0000002E)
    .ARM.Collect$$libinit$$00000030          0x00000182   Section        0  libinit2.o(.ARM.Collect$$libinit$$00000030)
    .ARM.Collect$$libinit$$00000032          0x00000182   Section        0  libinit2.o(.ARM.Collect$$libinit$$00000032)
    .ARM.Collect$$libinit$$00000033          0x00000182   Section        2  libinit2.o(.ARM.Collect$$libinit$$00000033)
    .ARM.Collect$$libshutdown$$00000000      0x00000184   Section        2  libshutdown.o(.ARM.Collect$$libshutdown$$00000000)
    .ARM.Collect$$libshutdown$$00000002      0x00000186   Section        0  libshutdown2.o(.ARM.Collect$$libshutdown$$00000002)
    .ARM.Collect$$libshutdown$$00000004      0x00000186   Section        0  libshutdown2.o(.ARM.Collect$$libshutdown$$00000004)
    .ARM.Collect$$libshutdown$$00000006      0x00000186   Section        0  libshutdown2.o(.ARM.Collect$$libshutdown$$00000006)
    .ARM.Collect$$libshutdown$$00000009      0x00000186   Section        0  libshutdown2.o(.ARM.Collect$$libshutdown$$00000009)
    .ARM.Collect$$libshutdown$$0000000C      0x00000186   Section        0  libshutdown2.o(.ARM.Collect$$libshutdown$$0000000C)
    .ARM.Collect$$libshutdown$$0000000E      0x00000186   Section        0  libshutdown2.o(.ARM.Collect$$libshutdown$$0000000E)
    .ARM.Collect$$libshutdown$$00000011      0x00000186   Section        0  libshutdown2.o(.ARM.Collect$$libshutdown$$00000011)
    .ARM.Collect$$libshutdown$$00000012      0x00000186   Section        2  libshutdown2.o(.ARM.Collect$$libshutdown$$00000012)
    .ARM.Collect$$rtentry$$00000000          0x00000188   Section        0  __rtentry.o(.ARM.Collect$$rtentry$$00000000)
    .ARM.Collect$$rtentry$$00000002          0x00000188   Section        0  __rtentry2.o(.ARM.Collect$$rtentry$$00000002)
    .ARM.Collect$$rtentry$$00000004          0x00000188   Section        6  __rtentry4.o(.ARM.Collect$$rtentry$$00000004)
    .ARM.Collect$$rtentry$$00000009          0x0000018e   Section        0  __rtentry2.o(.ARM.Collect$$rtentry$$00000009)
    .ARM.Collect$$rtentry$$0000000A          0x0000018e   Section        4  __rtentry2.o(.ARM.Collect$$rtentry$$0000000A)
    .ARM.Collect$$rtentry$$0000000C          0x00000192   Section        0  __rtentry2.o(.ARM.Collect$$rtentry$$0000000C)
    .ARM.Collect$$rtentry$$0000000D          0x00000192   Section        8  __rtentry2.o(.ARM.Collect$$rtentry$$0000000D)
    .ARM.Collect$$rtexit$$00000000           0x0000019a   Section        2  rtexit.o(.ARM.Collect$$rtexit$$00000000)
    .ARM.Collect$$rtexit$$00000002           0x0000019c   Section        0  rtexit2.o(.ARM.Collect$$rtexit$$00000002)
    .ARM.Collect$$rtexit$$00000003           0x0000019c   Section        4  rtexit2.o(.ARM.Collect$$rtexit$$00000003)
    .ARM.Collect$$rtexit$$00000004           0x000001a0   Section        6  rtexit2.o(.ARM.Collect$$rtexit$$00000004)
    .text                                    0x000001a8   Section       52  startup_lpc17xx.o(.text)
    .text                                    0x000001dc   Section        0  sample.o(.text)
    .text                                    0x00000284   Section        0  asciilib.o(.text)
    .text                                    0x000002a4   Section        0  lib_joystick.o(.text)
    .text                                    0x000002c8   Section        0  heapauxi.o(.text)
    .text                                    0x000002ce   Section        0  exit.o(.text)
    .text                                    0x000002e0   Section        8  libspace.o(.text)
    .text                                    0x000002e8   Section        0  sys_exit.o(.text)
    .text                                    0x000002f4   Section        2  use_no_semi.o(.text)
    .text                                    0x000002f6   Section        0  indicate_semi.o(.text)
    .ARM.__at_0x02FC                         0x000002fc   Section        4  startup_lpc17xx.o(.ARM.__at_0x02FC)
    .text                                    0x00000300   Section        0  system_lpc17xx.o(.text)
    .text                                    0x0000052c   Section        0  irq_timer.o(.text)
    .text                                    0x000009a4   Section        0  lib_timer.o(.text)
    __NVIC_EnableIRQ                         0x000009a5   Thumb Code    34  lib_timer.o(.text)
    .text                                    0x00000ae0   Section        0  glcd.o(.text)
    LCD_Configuration                        0x00000ae1   Thumb Code    20  glcd.o(.text)
    wait_delay                               0x00000af5   Thumb Code    12  glcd.o(.text)
    LCD_SetCursor                            0x00000b01   Thumb Code  1356  glcd.o(.text)
    delay_ms                                 0x0000104d   Thumb Code    30  glcd.o(.text)
    LCD_BGR2RGB                              0x00004549   Thumb Code    26  glcd.o(.text)
    .text                                    0x00004bc4   Section        0  scacchiera.o(.text)
    .text                                    0x00007ec4   Section        0  irq_button.o(.text)
    __NVIC_DisableIRQ                        0x00007ec5   Thumb Code    30  irq_button.o(.text)
    .text                                    0x00007f7c   Section        0  lib_button.o(.text)
    __NVIC_EnableIRQ                         0x00007f7d   Thumb Code    34  lib_button.o(.text)
    __NVIC_SetPriority                       0x00007f9f   Thumb Code    32  lib_button.o(.text)
    .text                                    0x00008050   Section        0  lib_rit.o(.text)
    .text                                    0x000080e4   Section        0  irq_rit.o(.text)
    __NVIC_EnableIRQ                         0x000080e5   Thumb Code    34  irq_rit.o(.text)
    .text                                    0x00008e64   Section        0  templates.o(.text)
    .text                                    0x00009644   Section        0  irq_can.o(.text)
    .text                                    0x000097c8   Section        0  lib_can.o(.text)
    __NVIC_EnableIRQ                         0x000097c9   Thumb Code    34  lib_can.o(.text)
    CAN_cfgBaudrate                          0x000097eb   Thumb Code    70  lib_can.o(.text)
    .text                                    0x00009cd8   Section        0  gestcollboards.o(.text)
    .text                                    0x0000aa18   Section      138  rt_memcpy_v6.o(.text)
    .text                                    0x0000aaa2   Section      100  rt_memcpy_w.o(.text)
    .text                                    0x0000ab06   Section       74  sys_stackheap_outer.o(.text)
    .constdata                               0x0000ab50   Section     1520  asciilib.o(.constdata)
    AsciiLib                                 0x0000ab50   Data        1520  asciilib.o(.constdata)
    .constdata                               0x0000b140   Section       68  lib_can.o(.constdata)
    STACK                                    0x10000000   Section    32768  startup_lpc17xx.o(STACK)
    Stack_Mem                                0x10000000   Data       32768  startup_lpc17xx.o(STACK)
    __initial_sp                             0x10008000   Data           0  startup_lpc17xx.o(STACK)
    .data                                    0x2007c000   Section       95  sample.o(.data)
    .data                                    0x2007c060   Section        4  system_lpc17xx.o(.data)
    .data                                    0x2007c064   Section      100  irq_timer.o(.data)
    ticks                                    0x2007c0c4   Data           4  irq_timer.o(.data)
    .data                                    0x2007c0c8   Section        1  glcd.o(.data)
    LCD_Code                                 0x2007c0c8   Data           1  glcd.o(.data)
    .data                                    0x2007c0c9   Section       39  scacchiera.o(.data)
    .data                                    0x2007c0f0   Section      224  irq_rit.o(.data)
    J_select                                 0x2007c1ac   Data           4  irq_rit.o(.data)
    J_down                                   0x2007c1b0   Data           4  irq_rit.o(.data)
    J_left                                   0x2007c1b4   Data           4  irq_rit.o(.data)
    J_right                                  0x2007c1b8   Data           4  irq_rit.o(.data)
    J_up                                     0x2007c1bc   Data           4  irq_rit.o(.data)
    J_up_left                                0x2007c1c0   Data           4  irq_rit.o(.data)
    J_up_right                               0x2007c1c4   Data           4  irq_rit.o(.data)
    J_down_left                              0x2007c1c8   Data           4  irq_rit.o(.data)
    J_down_right                             0x2007c1cc   Data           4  irq_rit.o(.data)
    .data                                    0x2007c1d0   Section       16  lib_can.o(.data)
    CAN_std_cnt                              0x2007c1d8   Data           4  lib_can.o(.data)
    CAN_ext_cnt                              0x2007c1dc   Data           4  lib_can.o(.data)
    .data                                    0x2007c1e0   Section       28  gestcollboards.o(.data)
    .bss                                     0x2007c1fc   Section       16  sample.o(.bss)
    .bss                                     0x2007c20c   Section      784  scacchiera.o(.bss)
    .bss                                     0x2007c51c   Section       32  lib_can.o(.bss)
    .bss                                     0x2007c53c   Section      392  gestcollboards.o(.bss)
    .bss                                     0x2007c6c4   Section       96  libspace.o(.bss)
    HEAP                                     0x2007c728   Section        0  startup_lpc17xx.o(HEAP)
    Heap_Mem                                 0x2007c728   Data           0  startup_lpc17xx.o(HEAP)

    Global Symbols

    Symbol Name                              Value     Ov Type        Size  Object(Section)

    BuildAttributes$$THM_ISAv4$P$D$K$B$S$PE$A:L22UL41UL21$X:L11$S22US41US21$IEEE1$IW$USESV6$~STKCKD$USESV7$~SHL$OSPACE$ROPI$EBA8$UX$STANDARDLIB$REQ8$PRES8$EABIv2 0x00000000   Number         0  anon$$obj.o ABSOLUTE
    __ARM_use_no_argv                        0x00000000   Number         0  sample.o ABSOLUTE
    __Vectors                                0x00000000   Data           4  startup_lpc17xx.o(RESET)
    __ARM_exceptions_init                     - Undefined Weak Reference
    __alloca_initialize                       - Undefined Weak Reference
    __arm_fini_                               - Undefined Weak Reference
    __arm_preinit_                            - Undefined Weak Reference
    __cpp_initialize__aeabi_                  - Undefined Weak Reference
    __cxa_finalize                            - Undefined Weak Reference
    __rt_locale                               - Undefined Weak Reference
    __sigvec_lookup                           - Undefined Weak Reference
    _atexit_init                              - Undefined Weak Reference
    _call_atexit_fns                          - Undefined Weak Reference
    _clock_init                               - Undefined Weak Reference
    _fp_trap_init                             - Undefined Weak Reference
    _fp_trap_shutdown                         - Undefined Weak Reference
    _get_lc_collate                           - Undefined Weak Reference
    _get_lc_ctype                             - Undefined Weak Reference
    _get_lc_monetary                          - Undefined Weak Reference
    _get_lc_numeric                           - Undefined Weak Reference
    _get_lc_time                              - Undefined Weak Reference
    _getenv_init                              - Undefined Weak Reference
    _handle_redirection                       - Undefined Weak Reference
    _init_alloc                               - Undefined Weak Reference
    _init_user_alloc                          - Undefined Weak Reference
    _initio                                   - Undefined Weak Reference
    _rand_init                                - Undefined Weak Reference
    _signal_finish                            - Undefined Weak Reference
    _signal_init                              - Undefined Weak Reference
    _terminate_alloc                          - Undefined Weak Reference
    _terminate_user_alloc                     - Undefined Weak Reference
    _terminateio                              - Undefined Weak Reference
    __main                                   0x000000cd   Thumb Code     8  __main.o(!!!main)
    __scatterload                            0x000000d5   Thumb Code     0  __scatter.o(!!!scatter)
    __scatterload_rt2                        0x000000d5   Thumb Code    44  __scatter.o(!!!scatter)
    __scatterload_rt2_thumb_only             0x000000d5   Thumb Code     0  __scatter.o(!!!scatter)
    __scatterload_null                       0x000000e3   Thumb Code     0  __scatter.o(!!!scatter)
    __decompress                             0x00000109   Thumb Code    90  __dczerorl2.o(!!dczerorl2)
    __decompress1                            0x00000109   Thumb Code     0  __dczerorl2.o(!!dczerorl2)
    __scatterload_zeroinit                   0x00000165   Thumb Code    28  __scatter_zi.o(!!handler_zi)
    __rt_lib_init                            0x00000181   Thumb Code     0  libinit.o(.ARM.Collect$$libinit$$00000000)
    __rt_lib_init_alloca_1                   0x00000183   Thumb Code     0  libinit2.o(.ARM.Collect$$libinit$$0000002E)
    __rt_lib_init_argv_1                     0x00000183   Thumb Code     0  libinit2.o(.ARM.Collect$$libinit$$0000002C)
    __rt_lib_init_atexit_1                   0x00000183   Thumb Code     0  libinit2.o(.ARM.Collect$$libinit$$0000001B)
    __rt_lib_init_clock_1                    0x00000183   Thumb Code     0  libinit2.o(.ARM.Collect$$libinit$$00000021)
    __rt_lib_init_cpp_1                      0x00000183   Thumb Code     0  libinit2.o(.ARM.Collect$$libinit$$00000032)
    __rt_lib_init_exceptions_1               0x00000183   Thumb Code     0  libinit2.o(.ARM.Collect$$libinit$$00000030)
    __rt_lib_init_fp_1                       0x00000183   Thumb Code     0  libinit2.o(.ARM.Collect$$libinit$$00000002)
    __rt_lib_init_fp_trap_1                  0x00000183   Thumb Code     0  libinit2.o(.ARM.Collect$$libinit$$0000001F)
    __rt_lib_init_getenv_1                   0x00000183   Thumb Code     0  libinit2.o(.ARM.Collect$$libinit$$00000023)
    __rt_lib_init_heap_1                     0x00000183   Thumb Code     0  libinit2.o(.ARM.Collect$$libinit$$0000000A)
    __rt_lib_init_lc_collate_1               0x00000183   Thumb Code     0  libinit2.o(.ARM.Collect$$libinit$$00000011)
    __rt_lib_init_lc_ctype_1                 0x00000183   Thumb Code     0  libinit2.o(.ARM.Collect$$libinit$$00000013)
    __rt_lib_init_lc_monetary_1              0x00000183   Thumb Code     0  libinit2.o(.ARM.Collect$$libinit$$00000015)
    __rt_lib_init_lc_numeric_1               0x00000183   Thumb Code     0  libinit2.o(.ARM.Collect$$libinit$$00000017)
    __rt_lib_init_lc_time_1                  0x00000183   Thumb Code     0  libinit2.o(.ARM.Collect$$libinit$$00000019)
    __rt_lib_init_preinit_1                  0x00000183   Thumb Code     0  libinit2.o(.ARM.Collect$$libinit$$00000004)
    __rt_lib_init_rand_1                     0x00000183   Thumb Code     0  libinit2.o(.ARM.Collect$$libinit$$0000000E)
    __rt_lib_init_return                     0x00000183   Thumb Code     0  libinit2.o(.ARM.Collect$$libinit$$00000033)
    __rt_lib_init_signal_1                   0x00000183   Thumb Code     0  libinit2.o(.ARM.Collect$$libinit$$0000001D)
    __rt_lib_init_stdio_1                    0x00000183   Thumb Code     0  libinit2.o(.ARM.Collect$$libinit$$00000025)
    __rt_lib_init_user_alloc_1               0x00000183   Thumb Code     0  libinit2.o(.ARM.Collect$$libinit$$0000000C)
    __rt_lib_shutdown                        0x00000185   Thumb Code     0  libshutdown.o(.ARM.Collect$$libshutdown$$00000000)
    __rt_lib_shutdown_cpp_1                  0x00000187   Thumb Code     0  libshutdown2.o(.ARM.Collect$$libshutdown$$00000004)
    __rt_lib_shutdown_fini_1                 0x00000187   Thumb Code     0  libshutdown2.o(.ARM.Collect$$libshutdown$$00000002)
    __rt_lib_shutdown_fp_trap_1              0x00000187   Thumb Code     0  libshutdown2.o(.ARM.Collect$$libshutdown$$00000009)
    __rt_lib_shutdown_heap_1                 0x00000187   Thumb Code     0  libshutdown2.o(.ARM.Collect$$libshutdown$$00000011)
    __rt_lib_shutdown_return                 0x00000187   Thumb Code     0  libshutdown2.o(.ARM.Collect$$libshutdown$$00000012)
    __rt_lib_shutdown_signal_1               0x00000187   Thumb Code     0  libshutdown2.o(.ARM.Collect$$libshutdown$$0000000C)
    __rt_lib_shutdown_stdio_1                0x00000187   Thumb Code     0  libshutdown2.o(.ARM.Collect$$libshutdown$$00000006)
    __rt_lib_shutdown_user_alloc_1           0x00000187   Thumb Code     0  libshutdown2.o(.ARM.Collect$$libshutdown$$0000000E)
    __rt_entry                               0x00000189   Thumb Code     0  __rtentry.o(.ARM.Collect$$rtentry$$00000000)
    __rt_entry_presh_1                       0x00000189   Thumb Code     0  __rtentry2.o(.ARM.Collect$$rtentry$$00000002)
    __rt_entry_sh                            0x00000189   Thumb Code     0  __rtentry4.o(.ARM.Collect$$rtentry$$00000004)
    __rt_entry_li                            0x0000018f   Thumb Code     0  __rtentry2.o(.ARM.Collect$$rtentry$$0000000A)
    __rt_entry_postsh_1                      0x0000018f   Thumb Code     0  __rtentry2.o(.ARM.Collect$$rtentry$$00000009)
    __rt_entry_main                          0x00000193   Thumb Code     0  __rtentry2.o(.ARM.Collect$$rtentry$$0000000D)
    __rt_entry_postli_1                      0x00000193   Thumb Code     0  __rtentry2.o(.ARM.Collect$$rtentry$$0000000C)
    __rt_exit                                0x0000019b   Thumb Code     0  rtexit.o(.ARM.Collect$$rtexit$$00000000)
    __rt_exit_ls                             0x0000019d   Thumb Code     0  rtexit2.o(.ARM.Collect$$rtexit$$00000003)
    __rt_exit_prels_1                        0x0000019d   Thumb Code     0  rtexit2.o(.ARM.Collect$$rtexit$$00000002)
    __rt_exit_exit                           0x000001a1   Thumb Code     0  rtexit2.o(.ARM.Collect$$rtexit$$00000004)
    Reset_Handler                            0x000001a9   Thumb Code     4  startup_lpc17xx.o(.text)
    NMI_Handler                              0x000001ad   Thumb Code     2  startup_lpc17xx.o(.text)
    HardFault_Handler                        0x000001af   Thumb Code     2  startup_lpc17xx.o(.text)
    MemManage_Handler                        0x000001b1   Thumb Code     2  startup_lpc17xx.o(.text)
    BusFault_Handler                         0x000001b3   Thumb Code     2  startup_lpc17xx.o(.text)
    UsageFault_Handler                       0x000001b5   Thumb Code     2  startup_lpc17xx.o(.text)
    SVC_Handler                              0x000001b7   Thumb Code     2  startup_lpc17xx.o(.text)
    DebugMon_Handler                         0x000001b9   Thumb Code     2  startup_lpc17xx.o(.text)
    PendSV_Handler                           0x000001bb   Thumb Code     2  startup_lpc17xx.o(.text)
    SysTick_Handler                          0x000001bd   Thumb Code     2  startup_lpc17xx.o(.text)
    ADC_IRQHandler                           0x000001bf   Thumb Code     0  startup_lpc17xx.o(.text)
    BOD_IRQHandler                           0x000001bf   Thumb Code     0  startup_lpc17xx.o(.text)
    CANActivity_IRQHandler                   0x000001bf   Thumb Code     0  startup_lpc17xx.o(.text)
    DMA_IRQHandler                           0x000001bf   Thumb Code     0  startup_lpc17xx.o(.text)
    EINT3_IRQHandler                         0x000001bf   Thumb Code     0  startup_lpc17xx.o(.text)
    ENET_IRQHandler                          0x000001bf   Thumb Code     0  startup_lpc17xx.o(.text)
    I2C0_IRQHandler                          0x000001bf   Thumb Code     0  startup_lpc17xx.o(.text)
    I2C1_IRQHandler                          0x000001bf   Thumb Code     0  startup_lpc17xx.o(.text)
    I2C2_IRQHandler                          0x000001bf   Thumb Code     0  startup_lpc17xx.o(.text)
    I2S_IRQHandler                           0x000001bf   Thumb Code     0  startup_lpc17xx.o(.text)
    MCPWM_IRQHandler                         0x000001bf   Thumb Code     0  startup_lpc17xx.o(.text)
    PLL0_IRQHandler                          0x000001bf   Thumb Code     0  startup_lpc17xx.o(.text)
    PLL1_IRQHandler                          0x000001bf   Thumb Code     0  startup_lpc17xx.o(.text)
    PWM1_IRQHandler                          0x000001bf   Thumb Code     0  startup_lpc17xx.o(.text)
    QEI_IRQHandler                           0x000001bf   Thumb Code     0  startup_lpc17xx.o(.text)
    RTC_IRQHandler                           0x000001bf   Thumb Code     0  startup_lpc17xx.o(.text)
    SPI_IRQHandler                           0x000001bf   Thumb Code     0  startup_lpc17xx.o(.text)
    SSP0_IRQHandler                          0x000001bf   Thumb Code     0  startup_lpc17xx.o(.text)
    SSP1_IRQHandler                          0x000001bf   Thumb Code     0  startup_lpc17xx.o(.text)
    UART0_IRQHandler                         0x000001bf   Thumb Code     0  startup_lpc17xx.o(.text)
    UART1_IRQHandler                         0x000001bf   Thumb Code     0  startup_lpc17xx.o(.text)
    UART2_IRQHandler                         0x000001bf   Thumb Code     0  startup_lpc17xx.o(.text)
    UART3_IRQHandler                         0x000001bf   Thumb Code     0  startup_lpc17xx.o(.text)
    USBActivity_IRQHandler                   0x000001bf   Thumb Code     0  startup_lpc17xx.o(.text)
    USB_IRQHandler                           0x000001bf   Thumb Code     0  startup_lpc17xx.o(.text)
    WDT_IRQHandler                           0x000001bf   Thumb Code     0  startup_lpc17xx.o(.text)
    __user_initial_stackheap                 0x000001c1   Thumb Code     0  startup_lpc17xx.o(.text)
    main                                     0x000001dd   Thumb Code   138  sample.o(.text)
    GetASCIICode                             0x00000285   Thumb Code    26  asciilib.o(.text)
    joystick_init                            0x000002a5   Thumb Code    26  lib_joystick.o(.text)
    __use_two_region_memory                  0x000002c9   Thumb Code     2  heapauxi.o(.text)
    __rt_heap_escrow$2region                 0x000002cb   Thumb Code     2  heapauxi.o(.text)
    __rt_heap_expand$2region                 0x000002cd   Thumb Code     2  heapauxi.o(.text)
    exit                                     0x000002cf   Thumb Code    18  exit.o(.text)
    __user_libspace                          0x000002e1   Thumb Code     8  libspace.o(.text)
    __user_perproc_libspace                  0x000002e1   Thumb Code     0  libspace.o(.text)
    __user_perthread_libspace                0x000002e1   Thumb Code     0  libspace.o(.text)
    _sys_exit                                0x000002e9   Thumb Code     8  sys_exit.o(.text)
    __I$use$semihosting                      0x000002f5   Thumb Code     0  use_no_semi.o(.text)
    __use_no_semihosting_swi                 0x000002f5   Thumb Code     2  use_no_semi.o(.text)
    __semihosting_library_function           0x000002f7   Thumb Code     0  indicate_semi.o(.text)
    SystemInit                               0x00000301   Thumb Code   526  system_lpc17xx.o(.text)
    decrementa                               0x0000052d   Thumb Code    46  irq_timer.o(.text)
    TIMER0_IRQHandler                        0x0000055b   Thumb Code   158  irq_timer.o(.text)
    TIMER1_IRQHandler                        0x000005f9   Thumb Code   450  irq_timer.o(.text)
    TIMER2_IRQHandler                        0x000007bb   Thumb Code   266  irq_timer.o(.text)
    TIMER3_IRQHandler                        0x000008c5   Thumb Code    52  irq_timer.o(.text)
    enable_timer                             0x000009c7   Thumb Code    48  lib_timer.o(.text)
    disable_timer                            0x000009f7   Thumb Code    48  lib_timer.o(.text)
    reset_timer                              0x00000a27   Thumb Code    66  lib_timer.o(.text)
    init_timer                               0x00000a69   Thumb Code   106  lib_timer.o(.text)
    LCD_Initialization                       0x0000106b   Thumb Code 12014  glcd.o(.text)
    LCD_Clear                                0x00003f59   Thumb Code  1520  glcd.o(.text)
    LCD_GetPoint                             0x00004563   Thumb Code   994  glcd.o(.text)
    LCD_SetPoint                             0x00004945   Thumb Code   206  glcd.o(.text)
    LCD_DrawLine                             0x00004a13   Thumb Code   250  glcd.o(.text)
    PutChar                                  0x00004b0d   Thumb Code   100  glcd.o(.text)
    GUI_Text                                 0x00004b71   Thumb Code    80  glcd.o(.text)
    disegnaScacchiera                        0x00004bc5   Thumb Code   402  scacchiera.o(.text)
    inserisciPedina                          0x00004d57   Thumb Code    48  scacchiera.o(.text)
    rimuoviPedina                            0x00004d87   Thumb Code    20  scacchiera.o(.text)
    inserisciMuro                            0x00004d9b   Thumb Code   124  scacchiera.o(.text)
    rimuoviMuro                              0x00004e17   Thumb Code    24  scacchiera.o(.text)
    configurazioneInizialePartita            0x00004e2f   Thumb Code   500  scacchiera.o(.text)
    coloraCella                              0x00005023   Thumb Code    62  scacchiera.o(.text)
    coloraCelleAdiacenti                     0x00005061   Thumb Code  1428  scacchiera.o(.text)
    scoloraCelleAdiacenti                    0x000055f5   Thumb Code  1604  scacchiera.o(.text)
    ripristinaMuriPrecedenti                 0x00005c39   Thumb Code   292  scacchiera.o(.text)
    verificaVittoria                         0x00005d5d   Thumb Code    38  scacchiera.o(.text)
    turno                                    0x00005d83   Thumb Code  1366  scacchiera.o(.text)
    passaModalitaMuro                        0x000062d9   Thumb Code    64  scacchiera.o(.text)
    esciModalitaMuro                         0x00006319   Thumb Code   116  scacchiera.o(.text)
    ruotaMuro                                0x0000638d   Thumb Code    96  scacchiera.o(.text)
    deselezionaCellaSelezionataPrecedentemente 0x000063ed   Thumb Code   762  scacchiera.o(.text)
    controllaMossa                           0x000066e7   Thumb Code  1518  scacchiera.o(.text)
    compilaCodificaMossa                     0x00006cd5   Thumb Code    66  scacchiera.o(.text)
    muroIntrappolaGiocatore                  0x00006d17   Thumb Code   622  scacchiera.o(.text)
    muroIntrappolaGiocatori                  0x00006f85   Thumb Code   638  scacchiera.o(.text)
    confermaMossa                            0x00007203   Thumb Code  2358  scacchiera.o(.text)
    verificaOttimalita                       0x00007b39   Thumb Code    60  scacchiera.o(.text)
    aggiornaSoluzioneOttima                  0x00007b75   Thumb Code    42  scacchiera.o(.text)
    ricercaPercorsoOttimo                    0x00007b9f   Thumb Code   792  scacchiera.o(.text)
    EINT0_IRQHandler                         0x00007ee3   Thumb Code    42  irq_button.o(.text)
    EINT1_IRQHandler                         0x00007f0d   Thumb Code    42  irq_button.o(.text)
    EINT2_IRQHandler                         0x00007f37   Thumb Code    42  irq_button.o(.text)
    BUTTON_init                              0x00007fbf   Thumb Code   124  lib_button.o(.text)
    enable_RIT                               0x00008051   Thumb Code    14  lib_rit.o(.text)
    disable_RIT                              0x0000805f   Thumb Code    14  lib_rit.o(.text)
    reset_RIT                                0x0000806d   Thumb Code     8  lib_rit.o(.text)
    init_RIT                                 0x00008075   Thumb Code    98  lib_rit.o(.text)
    RIT_IRQHandler                           0x00008107   Thumb Code  3408  irq_rit.o(.text)
    templateIniziale                         0x00008e65   Thumb Code   158  templates.o(.text)
    templateSelezionaGameMode                0x00008f03   Thumb Code   336  templates.o(.text)
    templateSingleBoard                      0x00009053   Thumb Code   328  templates.o(.text)
    templateTwoBoard                         0x0000919b   Thumb Code   746  templates.o(.text)
    templateSelezionaGiocatoreUtente         0x00009485   Thumb Code   388  templates.o(.text)
    CAN_IRQHandler                           0x00009645   Thumb Code   330  irq_can.o(.text)
    CAN_setup                                0x00009831   Thumb Code   140  lib_can.o(.text)
    CAN_start                                0x000098bd   Thumb Code    18  lib_can.o(.text)
    CAN_waitReady                            0x000098cf   Thumb Code    26  lib_can.o(.text)
    CAN_wrMsg                                0x000098e9   Thumb Code    84  lib_can.o(.text)
    CAN_rdMsg                                0x0000993d   Thumb Code    52  lib_can.o(.text)
    CAN_wrFilter                             0x00009971   Thumb Code   822  lib_can.o(.text)
    CAN_Init                                 0x00009ca7   Thumb Code    32  lib_can.o(.text)
    verificaCollegamentoBoard                0x00009cd9   Thumb Code    30  gestcollboards.o(.text)
    iniziaPartita1vNPCcon1board              0x00009cf7   Thumb Code    16  gestcollboards.o(.text)
    muoviPedina                              0x00009d07   Thumb Code   614  gestcollboards.o(.text)
    provaAdInserireMuro                      0x00009f6d   Thumb Code  1828  gestcollboards.o(.text)
    generaMossaNPC                           0x0000a691   Thumb Code   350  gestcollboards.o(.text)
    inserisciMossaNellaScacchiera            0x0000a7ef   Thumb Code   454  gestcollboards.o(.text)
    inviaMossa                               0x0000a9b5   Thumb Code    46  gestcollboards.o(.text)
    giocatorePronto                          0x0000a9e3   Thumb Code    38  gestcollboards.o(.text)
    __aeabi_memcpy                           0x0000aa19   Thumb Code     0  rt_memcpy_v6.o(.text)
    __rt_memcpy                              0x0000aa19   Thumb Code   138  rt_memcpy_v6.o(.text)
    _memcpy_lastbytes                        0x0000aa7f   Thumb Code     0  rt_memcpy_v6.o(.text)
    __aeabi_memcpy4                          0x0000aaa3   Thumb Code     0  rt_memcpy_w.o(.text)
    __aeabi_memcpy8                          0x0000aaa3   Thumb Code     0  rt_memcpy_w.o(.text)
    __rt_memcpy_w                            0x0000aaa3   Thumb Code   100  rt_memcpy_w.o(.text)
    _memcpy_lastbytes_aligned                0x0000aaeb   Thumb Code     0  rt_memcpy_w.o(.text)
    __user_setup_stackheap                   0x0000ab07   Thumb Code    74  sys_stackheap_outer.o(.text)
    CAN_BIT_TIME                             0x0000b140   Data          68  lib_can.o(.constdata)
    Region$$Table$$Base                      0x0000b184   Number         0  anon$$obj.o(Region$$Table)
    Region$$Table$$Limit                     0x0000b1b4   Number         0  anon$$obj.o(Region$$Table)
    partitaIniziata                          0x2007c000   Data           4  sample.o(.data)
    giocatore                                0x2007c004   Data           4  sample.o(.data)
    coloriGiocatori                          0x2007c008   Data           8  sample.o(.data)
    coloreMuroProvvisorio                    0x2007c010   Data           4  sample.o(.data)
    coloreMuro                               0x2007c014   Data           4  sample.o(.data)
    modalitaMuro                             0x2007c018   Data           4  sample.o(.data)
    posizioneMuro                            0x2007c01c   Data           8  sample.o(.data)
    orientamentoMuro                         0x2007c024   Data           4  sample.o(.data)
    muroProvvisorio                          0x2007c028   Data           4  sample.o(.data)
    ultimaMossa                              0x2007c02c   Data           4  sample.o(.data)
    scritto_m                                0x2007c030   Data           4  sample.o(.data)
    coloreSfondoTempo                        0x2007c034   Data           4  sample.o(.data)
    tempo_rimanente                          0x2007c038   Data           3  sample.o(.data)
    muriRimanenti                            0x2007c03b   Data           2  sample.o(.data)
    freq_ko                                  0x2007c040   Data           4  sample.o(.data)
    freq_ok                                  0x2007c044   Data           4  sample.o(.data)
    partitaFinita                            0x2007c048   Data           4  sample.o(.data)
    codificaMossa                            0x2007c04c   Data           4  sample.o(.data)
    schermata                                0x2007c050   Data           4  sample.o(.data)
    selezione                                0x2007c054   Data           4  sample.o(.data)
    giocatoreUtente                          0x2007c058   Data           4  sample.o(.data)
    p                                        0x2007c05c   Data           3  sample.o(.data)
    SystemFrequency                          0x2007c060   Data           4  system_lpc17xx.o(.data)
    fineTurno                                0x2007c064   Data           4  irq_timer.o(.data)
    SinTable                                 0x2007c068   Data          90  irq_timer.o(.data)
    pedina                                   0x2007c0c9   Data           3  scacchiera.o(.data)
    your_turn                                0x2007c0cc   Data          15  scacchiera.o(.data)
    opp_turn                                 0x2007c0db   Data          21  scacchiera.o(.data)
    EINT0_down                               0x2007c0f0   Data           4  irq_rit.o(.data)
    EINT1_down                               0x2007c0f4   Data           4  irq_rit.o(.data)
    EINT2_down                               0x2007c0f8   Data           4  irq_rit.o(.data)
    s                                        0x2007c0fc   Data          26  irq_rit.o(.data)
    p1                                       0x2007c116   Data           3  irq_rit.o(.data)
    p2                                       0x2007c119   Data           3  irq_rit.o(.data)
    win_str                                  0x2007c11c   Data          15  irq_rit.o(.data)
    you                                      0x2007c12b   Data           4  irq_rit.o(.data)
    sb                                       0x2007c12f   Data          13  irq_rit.o(.data)
    tb                                       0x2007c13c   Data          11  irq_rit.o(.data)
    human                                    0x2007c147   Data           6  irq_rit.o(.data)
    npc                                      0x2007c14d   Data           4  irq_rit.o(.data)
    pl1                                      0x2007c151   Data           9  irq_rit.o(.data)
    pl2                                      0x2007c15a   Data           9  irq_rit.o(.data)
    s1                                       0x2007c163   Data          19  irq_rit.o(.data)
    s2                                       0x2007c176   Data          24  irq_rit.o(.data)
    s3                                       0x2007c18e   Data          27  irq_rit.o(.data)
    icr                                      0x2007c1d0   Data           1  lib_can.o(.data)
    result                                   0x2007c1d4   Data           4  lib_can.o(.data)
    mioId                                    0x2007c1e0   Data           4  gestcollboards.o(.data)
    mod                                      0x2007c1e4   Data           4  gestcollboards.o(.data)
    lunghezzaPercorsoOttimo                  0x2007c1e8   Data           8  gestcollboards.o(.data)
    pronto                                   0x2007c1f0   Data           4  gestcollboards.o(.data)
    nuovePosizioni                           0x2007c1f4   Data           8  gestcollboards.o(.data)
    posizionePedine                          0x2007c1fc   Data          16  sample.o(.bss)
    scacchiera                               0x2007c20c   Data         784  scacchiera.o(.bss)
    CAN_TxMsg                                0x2007c51c   Data          16  lib_can.o(.bss)
    CAN_RxMsg                                0x2007c52c   Data          16  lib_can.o(.bss)
    mossePercorsoOttimo                      0x2007c53c   Data         392  gestcollboards.o(.bss)
    __libspace_start                         0x2007c6c4   Data          96  libspace.o(.bss)
    __temporary_stack_top$libspace           0x2007c724   Data           0  libspace.o(.bss)



==============================================================================

Memory Map of the image

  Image Entry point : 0x000000cd

  Load Region LR_IROM1 (Base: 0x00000000, Size: 0x0000b3b0, Max: 0x00080000, ABSOLUTE, COMPRESSED[0x0000b2e8])

    Execution Region ER_IROM1 (Exec base: 0x00000000, Load base: 0x00000000, Size: 0x0000b1b4, Max: 0x00080000, ABSOLUTE)

    Exec Addr    Load Addr    Size         Type   Attr      Idx    E Section Name        Object

    0x00000000   0x00000000   0x000000cc   Data   RO            3    RESET               startup_lpc17xx.o
    0x000000cc   0x000000cc   0x00000008   Code   RO          691  * !!!main             c_w.l(__main.o)
    0x000000d4   0x000000d4   0x00000034   Code   RO          852    !!!scatter          c_w.l(__scatter.o)
    0x00000108   0x00000108   0x0000005a   Code   RO          850    !!dczerorl2         c_w.l(__dczerorl2.o)
    0x00000162   0x00000162   0x00000002   PAD
    0x00000164   0x00000164   0x0000001c   Code   RO          854    !!handler_zi        c_w.l(__scatter_zi.o)
    0x00000180   0x00000180   0x00000002   Code   RO          718    .ARM.Collect$$libinit$$00000000  c_w.l(libinit.o)
    0x00000182   0x00000182   0x00000000   Code   RO          725    .ARM.Collect$$libinit$$00000002  c_w.l(libinit2.o)
    0x00000182   0x00000182   0x00000000   Code   RO          727    .ARM.Collect$$libinit$$00000004  c_w.l(libinit2.o)
    0x00000182   0x00000182   0x00000000   Code   RO          730    .ARM.Collect$$libinit$$0000000A  c_w.l(libinit2.o)
    0x00000182   0x00000182   0x00000000   Code   RO          732    .ARM.Collect$$libinit$$0000000C  c_w.l(libinit2.o)
    0x00000182   0x00000182   0x00000000   Code   RO          734    .ARM.Collect$$libinit$$0000000E  c_w.l(libinit2.o)
    0x00000182   0x00000182   0x00000000   Code   RO          737    .ARM.Collect$$libinit$$00000011  c_w.l(libinit2.o)
    0x00000182   0x00000182   0x00000000   Code   RO          739    .ARM.Collect$$libinit$$00000013  c_w.l(libinit2.o)
    0x00000182   0x00000182   0x00000000   Code   RO          741    .ARM.Collect$$libinit$$00000015  c_w.l(libinit2.o)
    0x00000182   0x00000182   0x00000000   Code   RO          743    .ARM.Collect$$libinit$$00000017  c_w.l(libinit2.o)
    0x00000182   0x00000182   0x00000000   Code   RO          745    .ARM.Collect$$libinit$$00000019  c_w.l(libinit2.o)
    0x00000182   0x00000182   0x00000000   Code   RO          747    .ARM.Collect$$libinit$$0000001B  c_w.l(libinit2.o)
    0x00000182   0x00000182   0x00000000   Code   RO          749    .ARM.Collect$$libinit$$0000001D  c_w.l(libinit2.o)
    0x00000182   0x00000182   0x00000000   Code   RO          751    .ARM.Collect$$libinit$$0000001F  c_w.l(libinit2.o)
    0x00000182   0x00000182   0x00000000   Code   RO          753    .ARM.Collect$$libinit$$00000021  c_w.l(libinit2.o)
    0x00000182   0x00000182   0x00000000   Code   RO          755    .ARM.Collect$$libinit$$00000023  c_w.l(libinit2.o)
    0x00000182   0x00000182   0x00000000   Code   RO          757    .ARM.Collect$$libinit$$00000025  c_w.l(libinit2.o)
    0x00000182   0x00000182   0x00000000   Code   RO          761    .ARM.Collect$$libinit$$0000002C  c_w.l(libinit2.o)
    0x00000182   0x00000182   0x00000000   Code   RO          763    .ARM.Collect$$libinit$$0000002E  c_w.l(libinit2.o)
    0x00000182   0x00000182   0x00000000   Code   RO          765    .ARM.Collect$$libinit$$00000030  c_w.l(libinit2.o)
    0x00000182   0x00000182   0x00000000   Code   RO          767    .ARM.Collect$$libinit$$00000032  c_w.l(libinit2.o)
    0x00000182   0x00000182   0x00000002   Code   RO          768    .ARM.Collect$$libinit$$00000033  c_w.l(libinit2.o)
    0x00000184   0x00000184   0x00000002   Code   RO          788    .ARM.Collect$$libshutdown$$00000000  c_w.l(libshutdown.o)
    0x00000186   0x00000186   0x00000000   Code   RO          801    .ARM.Collect$$libshutdown$$00000002  c_w.l(libshutdown2.o)
    0x00000186   0x00000186   0x00000000   Code   RO          803    .ARM.Collect$$libshutdown$$00000004  c_w.l(libshutdown2.o)
    0x00000186   0x00000186   0x00000000   Code   RO          805    .ARM.Collect$$libshutdown$$00000006  c_w.l(libshutdown2.o)
    0x00000186   0x00000186   0x00000000   Code   RO          808    .ARM.Collect$$libshutdown$$00000009  c_w.l(libshutdown2.o)
    0x00000186   0x00000186   0x00000000   Code   RO          811    .ARM.Collect$$libshutdown$$0000000C  c_w.l(libshutdown2.o)
    0x00000186   0x00000186   0x00000000   Code   RO          813    .ARM.Collect$$libshutdown$$0000000E  c_w.l(libshutdown2.o)
    0x00000186   0x00000186   0x00000000   Code   RO          816    .ARM.Collect$$libshutdown$$00000011  c_w.l(libshutdown2.o)
    0x00000186   0x00000186   0x00000002   Code   RO          817    .ARM.Collect$$libshutdown$$00000012  c_w.l(libshutdown2.o)
    0x00000188   0x00000188   0x00000000   Code   RO          693    .ARM.Collect$$rtentry$$00000000  c_w.l(__rtentry.o)
    0x00000188   0x00000188   0x00000000   Code   RO          695    .ARM.Collect$$rtentry$$00000002  c_w.l(__rtentry2.o)
    0x00000188   0x00000188   0x00000006   Code   RO          707    .ARM.Collect$$rtentry$$00000004  c_w.l(__rtentry4.o)
    0x0000018e   0x0000018e   0x00000000   Code   RO          697    .ARM.Collect$$rtentry$$00000009  c_w.l(__rtentry2.o)
    0x0000018e   0x0000018e   0x00000004   Code   RO          698    .ARM.Collect$$rtentry$$0000000A  c_w.l(__rtentry2.o)
    0x00000192   0x00000192   0x00000000   Code   RO          700    .ARM.Collect$$rtentry$$0000000C  c_w.l(__rtentry2.o)
    0x00000192   0x00000192   0x00000008   Code   RO          701    .ARM.Collect$$rtentry$$0000000D  c_w.l(__rtentry2.o)
    0x0000019a   0x0000019a   0x00000002   Code   RO          722    .ARM.Collect$$rtexit$$00000000  c_w.l(rtexit.o)
    0x0000019c   0x0000019c   0x00000000   Code   RO          770    .ARM.Collect$$rtexit$$00000002  c_w.l(rtexit2.o)
    0x0000019c   0x0000019c   0x00000004   Code   RO          771    .ARM.Collect$$rtexit$$00000003  c_w.l(rtexit2.o)
    0x000001a0   0x000001a0   0x00000006   Code   RO          772    .ARM.Collect$$rtexit$$00000004  c_w.l(rtexit2.o)
    0x000001a6   0x000001a6   0x00000002   PAD
    0x000001a8   0x000001a8   0x00000034   Code   RO            5    .text               startup_lpc17xx.o
    0x000001dc   0x000001dc   0x000000a8   Code   RO           16    .text               sample.o
    0x00000284   0x00000284   0x00000020   Code   RO          208    .text               asciilib.o
    0x000002a4   0x000002a4   0x00000024   Code   RO          298    .text               lib_joystick.o
    0x000002c8   0x000002c8   0x00000006   Code   RO          689    .text               c_w.l(heapauxi.o)
    0x000002ce   0x000002ce   0x00000012   Code   RO          711    .text               c_w.l(exit.o)
    0x000002e0   0x000002e0   0x00000008   Code   RO          719    .text               c_w.l(libspace.o)
    0x000002e8   0x000002e8   0x0000000c   Code   RO          780    .text               c_w.l(sys_exit.o)
    0x000002f4   0x000002f4   0x00000002   Code   RO          791    .text               c_w.l(use_no_semi.o)
    0x000002f6   0x000002f6   0x00000000   Code   RO          793    .text               c_w.l(indicate_semi.o)
    0x000002f6   0x000002f6   0x00000006   PAD
    0x000002fc   0x000002fc   0x00000004   Code   RO            4    .ARM.__at_0x02FC    startup_lpc17xx.o
    0x00000300   0x00000300   0x0000022c   Code   RO          103    .text               system_lpc17xx.o
    0x0000052c   0x0000052c   0x00000478   Code   RO          130    .text               irq_timer.o
    0x000009a4   0x000009a4   0x0000013c   Code   RO          183    .text               lib_timer.o
    0x00000ae0   0x00000ae0   0x000040e4   Code   RO          228    .text               glcd.o
    0x00004bc4   0x00004bc4   0x00003300   Code   RO          322    .text               scacchiera.o
    0x00007ec4   0x00007ec4   0x000000b8   Code   RO          366    .text               irq_button.o
    0x00007f7c   0x00007f7c   0x000000d4   Code   RO          395    .text               lib_button.o
    0x00008050   0x00008050   0x00000094   Code   RO          423    .text               lib_rit.o
    0x000080e4   0x000080e4   0x00000d80   Code   RO          454    .text               irq_rit.o
    0x00008e64   0x00008e64   0x000007e0   Code   RO          513    .text               templates.o
    0x00009644   0x00009644   0x00000184   Code   RO          544    .text               irq_can.o
    0x000097c8   0x000097c8   0x00000510   Code   RO          600    .text               lib_can.o
    0x00009cd8   0x00009cd8   0x00000d40   Code   RO          632    .text               gestcollboards.o
    0x0000aa18   0x0000aa18   0x0000008a   Code   RO          685    .text               c_w.l(rt_memcpy_v6.o)
    0x0000aaa2   0x0000aaa2   0x00000064   Code   RO          687    .text               c_w.l(rt_memcpy_w.o)
    0x0000ab06   0x0000ab06   0x0000004a   Code   RO          709    .text               c_w.l(sys_stackheap_outer.o)
    0x0000ab50   0x0000ab50   0x000005f0   Data   RO          209    .constdata          asciilib.o
    0x0000b140   0x0000b140   0x00000044   Data   RO          602    .constdata          lib_can.o
    0x0000b184   0x0000b184   0x00000030   Data   RO          848    Region$$Table       anon$$obj.o


    Execution Region RW_IRAM1 (Exec base: 0x10000000, Load base: 0x0000b1b4, Size: 0x00008000, Max: 0x00008000, ABSOLUTE)

    Exec Addr    Load Addr    Size         Type   Attr      Idx    E Section Name        Object

    0x10000000        -       0x00008000   Zero   RW            1    STACK               startup_lpc17xx.o


    Execution Region RW_IRAM2 (Exec base: 0x2007c000, Load base: 0x0000b1b4, Size: 0x00000728, Max: 0x00008000, ABSOLUTE, COMPRESSED[0x00000134])

    Exec Addr    Load Addr    Size         Type   Attr      Idx    E Section Name        Object

    0x2007c000   COMPRESSED   0x0000005f   Data   RW           18    .data               sample.o
    0x2007c05f   COMPRESSED   0x00000001   PAD
    0x2007c060   COMPRESSED   0x00000004   Data   RW          104    .data               system_lpc17xx.o
    0x2007c064   COMPRESSED   0x00000064   Data   RW          131    .data               irq_timer.o
    0x2007c0c8   COMPRESSED   0x00000001   Data   RW          229    .data               glcd.o
    0x2007c0c9   COMPRESSED   0x00000027   Data   RW          324    .data               scacchiera.o
    0x2007c0f0   COMPRESSED   0x000000e0   Data   RW          455    .data               irq_rit.o
    0x2007c1d0   COMPRESSED   0x00000010   Data   RW          603    .data               lib_can.o
    0x2007c1e0   COMPRESSED   0x0000001c   Data   RW          634    .data               gestcollboards.o
    0x2007c1fc        -       0x00000010   Zero   RW           17    .bss                sample.o
    0x2007c20c        -       0x00000310   Zero   RW          323    .bss                scacchiera.o
    0x2007c51c        -       0x00000020   Zero   RW          601    .bss                lib_can.o
    0x2007c53c        -       0x00000188   Zero   RW          633    .bss                gestcollboards.o
    0x2007c6c4        -       0x00000060   Zero   RW          720    .bss                c_w.l(libspace.o)
    0x2007c724   COMPRESSED   0x00000004   PAD
    0x2007c728        -       0x00000000   Zero   RW            2    HEAP                startup_lpc17xx.o


==============================================================================

Image component sizes


      Code (inc. data)   RO Data    RW Data    ZI Data      Debug   Object Name

        32          6       1520          0          0       1067   asciilib.o
      3392        132          0         28        392       4708   gestcollboards.o
     16612        104          0          1          0      40131   glcd.o
       184         28          0          0          0        985   irq_button.o
       388         58          0          0          0        861   irq_can.o
      3456        314          0        224          0       5207   irq_rit.o
      1144        172          0        100          0      20085   irq_timer.o
       212         22          0          0          0        938   lib_button.o
      1296         66         68         16         32       4372   lib_can.o
        36         10          0          0          0        440   lib_joystick.o
       148         14          0          0          0      27479   lib_rit.o
       316         14          0          0          0       1572   lib_timer.o
       168         30          0         95         16       6796   sample.o
     13056        558          0         39        784      13614   scacchiera.o
        56         22        204          0      32768       1032   startup_lpc17xx.o
       556         30          0          4          0        843   system_lpc17xx.o
      2016        320          0          0          0       2331   templates.o

    ----------------------------------------------------------------------
     43068       1900       1840        508      33992     132461   Object Totals
         0          0         48          0          0          0   (incl. Generated)
         0          0          0          1          0          0   (incl. Padding)

    ----------------------------------------------------------------------

      Code (inc. data)   RO Data    RW Data    ZI Data      Debug   Library Member Name

        90          0          0          0          0          0   __dczerorl2.o
         8          0          0          0          0         68   __main.o
         0          0          0          0          0          0   __rtentry.o
        12          0          0          0          0          0   __rtentry2.o
         6          0          0          0          0          0   __rtentry4.o
        52          8          0          0          0          0   __scatter.o
        28          0          0          0          0          0   __scatter_zi.o
        18          0          0          0          0         80   exit.o
         6          0          0          0          0        152   heapauxi.o
         0          0          0          0          0          0   indicate_semi.o
         2          0          0          0          0          0   libinit.o
         2          0          0          0          0          0   libinit2.o
         2          0          0          0          0          0   libshutdown.o
         2          0          0          0          0          0   libshutdown2.o
         8          4          0          0         96         68   libspace.o
       138          0          0          0          0         68   rt_memcpy_v6.o
       100          0          0          0          0         80   rt_memcpy_w.o
         2          0          0          0          0          0   rtexit.o
        10          0          0          0          0          0   rtexit2.o
        12          4          0          0          0         68   sys_exit.o
        74          0          0          0          0         80   sys_stackheap_outer.o
         2          0          0          0          0         68   use_no_semi.o

    ----------------------------------------------------------------------
       584         16          0          0        100        732   Library Totals
        10          0          0          0          4          0   (incl. Padding)

    ----------------------------------------------------------------------

      Code (inc. data)   RO Data    RW Data    ZI Data      Debug   Library Name

       574         16          0          0         96        732   c_w.l

    ----------------------------------------------------------------------
       584         16          0          0        100        732   Library Totals

    ----------------------------------------------------------------------

==============================================================================


      Code (inc. data)   RO Data    RW Data    ZI Data      Debug   

     43652       1916       1840        508      34092     131993   Grand Totals
     43652       1916       1840        308      34092     131993   ELF Image Totals (compressed)
     43652       1916       1840        308          0          0   ROM Totals

==============================================================================

    Total RO  Size (Code + RO Data)                45492 (  44.43kB)
    Total RW  Size (RW Data + ZI Data)             34600 (  33.79kB)
    Total ROM Size (Code + RO Data + RW Data)      45800 (  44.73kB)

==============================================================================

